Should print: 5 0 -2 -10 25 1 -1
5 0 -2 -10 25 1 -1
