Before sim
During sim \n{0:{vx:1 vy:1 x:50 y:40 } 1:{vx:0 vy:1 x:40 y:40 } 10:{vx:0 vy:1 x:60 y:30 } 11:{vx:2 vy:0 x:50 y:30 } 12:{vx:1 vy:0 x:40 y:30 } 13:{vx:0 vy:0 x:30 y:30 } 14:{vx:2 vy:2 x:20 y:30 } 15:{vx:1 vy:2 x:10 y:30 } 16:{vx:0 vy:2 x:0 y:30 } 17:{vx:2 vy:1 x:100 y:20 } 18:{vx:1 vy:1 x:90 y:20 } 19:{vx:0 vy:1 x:80 y:20 } 2:{vx:2 vy:0 x:30 y:40 } 20:{vx:2 vy:0 x:70 y:20 } 21:{vx:1 vy:0 x:60 y:20 } 22:{vx:0 vy:0 x:50 y:20 } 23:{vx:2 vy:2 x:40 y:20 } 24:{vx:1 vy:2 x:30 y:20 } 25:{vx:0 vy:2 x:20 y:20 } 26:{vx:2 vy:1 x:10 y:20 } 27:{vx:1 vy:1 x:0 y:20 } 28:{vx:0 vy:1 x:100 y:10 } 29:{vx:2 vy:0 x:90 y:10 } 3:{vx:1 vy:0 x:20 y:40 } 30:{vx:1 vy:0 x:80 y:10 } 31:{vx:0 vy:0 x:70 y:10 } 32:{vx:2 vy:2 x:60 y:10 } 33:{vx:1 vy:2 x:50 y:10 } 34:{vx:0 vy:2 x:40 y:10 } 35:{vx:2 vy:1 x:30 y:10 } 36:{vx:1 vy:1 x:20 y:10 } 37:{vx:0 vy:1 x:10 y:10 } 38:{vx:2 vy:0 x:0 y:10 } 39:{vx:1 vy:0 x:100 y:0 } 4:{vx:0 vy:0 x:10 y:40 } 40:{vx:0 vy:0 x:90 y:0 } 41:{vx:2 vy:2 x:80 y:0 } 42:{vx:1 vy:2 x:70 y:0 } 43:{vx:0 vy:2 x:60 y:0 } 44:{vx:2 vy:1 x:50 y:0 } 45:{vx:1 vy:1 x:40 y:0 } 46:{vx:0 vy:1 x:30 y:0 } 47:{vx:2 vy:0 x:20 y:0 } 48:{vx:1 vy:0 x:10 y:0 } 49:{vx:0 vy:0 x:0 y:0 } 5:{vx:2 vy:2 x:0 y:40 } 6:{vx:1 vy:2 x:100 y:30 } 7:{vx:0 vy:2 x:90 y:30 } 8:{vx:2 vy:1 x:80 y:30 } 9:{vx:1 vy:1 x:70 y:30 } n:50 }
In the end \n{0:{vx:1 vy:1 x:70 y:60 } 1:{vx:0 vy:1 x:40 y:60 } 10:{vx:0 vy:1 x:60 y:50 } 11:{vx:2 vy:0 x:90 y:30 } 12:{vx:1 vy:0 x:60 y:30 } 13:{vx:0 vy:0 x:30 y:30 } 14:{vx:2 vy:2 x:60 y:70 } 15:{vx:1 vy:2 x:30 y:70 } 16:{vx:0 vy:2 x:0 y:70 } 17:{vx:2 vy:1 x:140 y:40 } 18:{vx:1 vy:1 x:110 y:40 } 19:{vx:0 vy:1 x:80 y:40 } 2:{vx:2 vy:0 x:70 y:40 } 20:{vx:2 vy:0 x:110 y:20 } 21:{vx:1 vy:0 x:80 y:20 } 22:{vx:0 vy:0 x:50 y:20 } 23:{vx:2 vy:2 x:80 y:60 } 24:{vx:1 vy:2 x:50 y:60 } 25:{vx:0 vy:2 x:20 y:60 } 26:{vx:2 vy:1 x:50 y:40 } 27:{vx:1 vy:1 x:20 y:40 } 28:{vx:0 vy:1 x:100 y:30 } 29:{vx:2 vy:0 x:130 y:10 } 3:{vx:1 vy:0 x:40 y:40 } 30:{vx:1 vy:0 x:100 y:10 } 31:{vx:0 vy:0 x:70 y:10 } 32:{vx:2 vy:2 x:100 y:50 } 33:{vx:1 vy:2 x:70 y:50 } 34:{vx:0 vy:2 x:40 y:50 } 35:{vx:2 vy:1 x:70 y:30 } 36:{vx:1 vy:1 x:40 y:30 } 37:{vx:0 vy:1 x:10 y:30 } 38:{vx:2 vy:0 x:40 y:10 } 39:{vx:1 vy:0 x:120 y:0 } 4:{vx:0 vy:0 x:10 y:40 } 40:{vx:0 vy:0 x:90 y:0 } 41:{vx:2 vy:2 x:120 y:40 } 42:{vx:1 vy:2 x:90 y:40 } 43:{vx:0 vy:2 x:60 y:40 } 44:{vx:2 vy:1 x:90 y:20 } 45:{vx:1 vy:1 x:60 y:20 } 46:{vx:0 vy:1 x:30 y:20 } 47:{vx:2 vy:0 x:60 y:0 } 48:{vx:1 vy:0 x:30 y:0 } 49:{vx:0 vy:0 x:0 y:0 } 5:{vx:2 vy:2 x:40 y:80 } 6:{vx:1 vy:2 x:120 y:70 } 7:{vx:0 vy:2 x:90 y:70 } 8:{vx:2 vy:1 x:120 y:50 } 9:{vx:1 vy:1 x:90 y:50 } n:50 }
