Before sim
During sim \n{0:{vx:2 vy:0 y:20 x:70 } 2:{vx:0 vy:0 y:20 x:50 } 4:{vx:1 vy:2 y:20 x:30 } 3:{vx:2 vy:2 y:20 x:40 } 5:{vx:0 vy:2 y:20 x:20 } 6:{vx:2 vy:1 y:20 x:10 } 7:{vx:1 vy:1 y:20 x:0 } 8:{vx:0 vy:1 y:10 x:100 } 22:{vx:1 vy:2 y:0 x:70 } 19:{vx:1 vy:0 y:0 x:100 } 18:{vx:2 vy:0 y:10 x:0 } 25:{vx:1 vy:1 y:0 x:40 } 29:{vx:0 vy:0 y:0 x:0 } 24:{vx:2 vy:1 y:0 x:50 } 26:{vx:0 vy:1 y:0 x:30 } 23:{vx:0 vy:2 y:0 x:60 } 1:{vx:1 vy:0 y:20 x:60 } n:30 21:{vx:2 vy:2 y:0 x:80 } 11:{vx:0 vy:0 y:10 x:70 } 28:{vx:1 vy:0 y:0 x:10 } 20:{vx:0 vy:0 y:0 x:90 } 12:{vx:2 vy:2 y:10 x:60 } 17:{vx:0 vy:1 y:10 x:10 } 16:{vx:1 vy:1 y:10 x:20 } 10:{vx:1 vy:0 y:10 x:80 } 15:{vx:2 vy:1 y:10 x:30 } 14:{vx:0 vy:2 y:10 x:40 } 27:{vx:2 vy:0 y:0 x:20 } 13:{vx:1 vy:2 y:10 x:50 } 9:{vx:2 vy:0 y:10 x:90 } }
In the end \n{0:{vx:2 vy:0 y:20 x:170 } 2:{vx:0 vy:0 y:20 x:50 } 4:{vx:1 vy:2 y:120 x:80 } 3:{vx:2 vy:2 y:120 x:140 } 5:{vx:0 vy:2 y:120 x:20 } 6:{vx:2 vy:1 y:70 x:110 } 7:{vx:1 vy:1 y:70 x:50 } 8:{vx:0 vy:1 y:60 x:100 } 22:{vx:1 vy:2 y:100 x:120 } 19:{vx:1 vy:0 y:0 x:150 } 18:{vx:2 vy:0 y:10 x:100 } 25:{vx:1 vy:1 y:50 x:90 } 29:{vx:0 vy:0 y:0 x:0 } 24:{vx:2 vy:1 y:50 x:150 } 26:{vx:0 vy:1 y:50 x:30 } 23:{vx:0 vy:2 y:100 x:60 } 1:{vx:1 vy:0 y:20 x:110 } n:30 21:{vx:2 vy:2 y:100 x:180 } 11:{vx:0 vy:0 y:10 x:70 } 28:{vx:1 vy:0 y:0 x:60 } 20:{vx:0 vy:0 y:0 x:90 } 12:{vx:2 vy:2 y:110 x:160 } 17:{vx:0 vy:1 y:60 x:10 } 16:{vx:1 vy:1 y:60 x:70 } 10:{vx:1 vy:0 y:10 x:130 } 15:{vx:2 vy:1 y:60 x:130 } 14:{vx:0 vy:2 y:110 x:40 } 27:{vx:2 vy:0 y:0 x:120 } 13:{vx:1 vy:2 y:110 x:100 } 9:{vx:2 vy:0 y:10 x:190 } }
