Min = 6
Max = 405
Range size = 400
Missing = 0
Length = 400
After forall
