This should print
IllegalCastException: Uninitialized to Bool
