Error in line 2, col 0: syntax error, unexpected $end, expecting T_ID
Parsing failed
