Error in line 1, col 2: syntax error, unexpected '[', expecting $end
Parsing failed
