Error in line 4, col 1: syntax error, unexpected T_ident, expecting ';'Parsing failed
