Error in line 6, col 13: syntax error, unexpected T_INT, expecting ')'
Parsing failed
