Error in line 5, col 1: syntax error, unexpected T_ident, expecting ';'Parsing failed
