Error in line 1, col 10: syntax error, unexpected ',', expecting ')'
Parsing failed
