Error in line 1, col 12: syntax error, unexpected ')'
Parsing failed
