Error in line 1, col 12: syntax error, unexpected ';', expecting T_ID or '}'
Parsing failed
